'restart';
fp:= (x)->A*x^alpha;
fp1:=unapply(simplify((D(fp))(x)),x);
cas_setup(0,0,0,1,0,1e-10,12,1,0,0,0),maple_mode(1);
fp1:=unapply(simplify((function_diff(fp))(x)),x);
fpn:= (x)->fp(x)-mu*x;
fpn1:= (x)->fp1(x)-mu;
Util:= (x)->ln(x);
Util1:=function_diff(Util);
Hamilton:= (c,k,p)->Util(c)+p*(fpn(k)-c);
cn1:=diff(Hamilton(c,k,p),c);
eqadj:=diff(Hamilton(c,k,p),k);
cn_1:=expr("subs([c=(c(t)),p=(p(t))],cn1)",1);
cn_0:=expr("subs([c=(c(t))],cn1)",1);
cn_1:=expr("subs(c=(c(t)),p=(p(t)),cn1)",1);
eqadj_1:=simplify(expr("subs(p=(p(t)),k=(k(t)),eqadj)",1));
ed1:=diff(p(t),t)-'psi'*p(t)+eqadj_1;
expr("subs(p(t)=(1/(c(t))),ed1)",1);
ed1:=ans(NULL);
edc:=simplify((c(t))^2*ed1);
(c(t))^2*ed1;
ans(NULL);
"simplify(%)";
edc:=(c(t))^2*ed1;
simplify(edc);
edk:=diff(k(t),t)=(fpn(k(t))-c(t));
expr("subs(diff(c(t),t)=0,edc)",1);
"subs(c(t)=c,k(t)=k,%)";
s1:=expr("subs(diff(c(t),t)=0,edc)",1);
s2:=expr("subs(c(t)=c,k(t)=k,s1)",1);
eqc:=s2;
s3:=expr("subs(c(t)=c,k(t)=k,rhs(edk))",1);
eqk:=s3
